{
  "details": {
    "best_of_sequences": null,
    "finish_reason": "length",
    "generated_tokens": 10,
    "prefill": [
      {
        "id": 1,
        "logprob": null,
        "text": "<s>"
      },
      {
        "id": 4321,
        "logprob": -8.6875,
        "text": "Test"
      },
      {
        "id": 2009,
        "logprob": -11.5546875,
        "text": "request"
      }
    ],
    "seed": 0,
    "tokens": [
      {
        "id": 5229,
        "logprob": -3.3085938,
        "special": false,
        "text": " failed"
      },
      {
        "id": 363,
        "logprob": -3.984375,
        "special": false,
        "text": " for"
      },
      {
        "id": 5641,
        "logprob": -6.53125,
        "special": false,
        "text": " IP"
      },
      {
        "id": 16428,
        "logprob": -3.1835938,
        "special": false,
        "text": " Address"
      },
      {
        "id": 29901,
        "logprob": -1.2324219,
        "special": false,
        "text": ":"
      },
      {
        "id": 525,
        "logprob": -2.6855469,
        "special": false,
        "text": " '"
      },
      {
        "id": 8516,
        "logprob": -7.1601562,
        "special": false,
        "text": "None"
      },
      {
        "id": 4286,
        "logprob": -2.4433594,
        "special": false,
        "text": "'."
      },
      {
        "id": 13,
        "logprob": -0.06530762,
        "special": false,
        "text": "\n"
      },
      {
        "id": 294,
        "logprob": -7.953125,
        "special": false,
        "text": "as"
      }
    ]
  },
  "generated_text": "Test requestfailed for IP Address: 'None'.\nas"
}
